Copyright 1986-2022 Xilinx, Inc. All Rights Reserved. Copyright 2022-2023 Advanced Micro Devices, Inc. All Rights Reserved.
---------------------------------------------------------------------------------------------------------------------------------------------
| Tool Version : Vivado v.2023.1 (win64) Build 3865809 Sun May  7 15:05:29 MDT 2023
| Date         : Wed Apr 15 04:27:24 2026
| Host         : Castle-of-Glass running 64-bit major release  (build 9200)
| Command      : report_control_sets -verbose -file top_module_control_sets_placed.rpt
| Design       : top_module
| Device       : xc7a35ti
---------------------------------------------------------------------------------------------------------------------------------------------

Control Set Information

Table of Contents
-----------------
1. Summary
2. Histogram
3. Flip-Flop Distribution
4. Detailed Control Set Information

1. Summary
----------

+----------------------------------------------------------+-------+
|                          Status                          | Count |
+----------------------------------------------------------+-------+
| Total control sets                                       |    10 |
|    Minimum number of control sets                        |    10 |
|    Addition due to synthesis replication                 |     0 |
|    Addition due to physical synthesis replication        |     0 |
| Unused register locations in slices containing registers |    22 |
+----------------------------------------------------------+-------+
* Control sets can be merged at opt_design using control_set_merge or merge_equivalent_drivers
** Run report_qor_suggestions for automated merging and remapping suggestions


2. Histogram
------------

+--------------------+-------+
|       Fanout       | Count |
+--------------------+-------+
| Total control sets |    10 |
| >= 0 to < 4        |     0 |
| >= 4 to < 6        |     1 |
| >= 6 to < 8        |     1 |
| >= 8 to < 10       |     3 |
| >= 10 to < 12      |     2 |
| >= 12 to < 14      |     1 |
| >= 14 to < 16      |     0 |
| >= 16              |     2 |
+--------------------+-------+
* Control sets can be remapped at either synth_design or opt_design


3. Flip-Flop Distribution
-------------------------

+--------------+-----------------------+------------------------+-----------------+--------------+
| Clock Enable | Synchronous Set/Reset | Asynchronous Set/Reset | Total Registers | Total Slices |
+--------------+-----------------------+------------------------+-----------------+--------------+
| No           | No                    | No                     |               0 |            0 |
| No           | No                    | Yes                    |              87 |           35 |
| No           | Yes                   | No                     |               0 |            0 |
| Yes          | No                    | No                     |               0 |            0 |
| Yes          | No                    | Yes                    |              99 |           34 |
| Yes          | Yes                   | No                     |               0 |            0 |
+--------------+-----------------------+------------------------+-----------------+--------------+


4. Detailed Control Set Information
-----------------------------------

+----------------+------------------------------------------------------+------------------+------------------+----------------+--------------+
|  Clock Signal  |                     Enable Signal                    | Set/Reset Signal | Slice Load Count | Bel Load Count | Bels / Slice |
+----------------+------------------------------------------------------+------------------+------------------+----------------+--------------+
|  clk_IBUF_BUFG | u_i2c_lcd_driver/FSM_sequential_i2c_state[3]_i_1_n_0 | reset_IBUF       |                1 |              4 |         4.00 |
|  clk_IBUF_BUFG | u_i2c_lcd_driver/i2c_req_i_1_n_0                     | reset_IBUF       |                2 |              7 |         3.50 |
|  clk_IBUF_BUFG | u_i2c_lcd_driver/step[7]_i_1_n_0                     | reset_IBUF       |                3 |              8 |         2.67 |
|  clk_IBUF_BUFG | u_fsm_controller/E[0]                                | reset_IBUF       |                4 |              8 |         2.00 |
|  clk_IBUF_BUFG | u_timer_module/count[7]_i_1_n_0                      | reset_IBUF       |                4 |              8 |         2.00 |
|  clk_IBUF_BUFG | u_i2c_lcd_driver/lcd_req_i_1_n_0                     | reset_IBUF       |                7 |             10 |         1.43 |
|  clk_IBUF_BUFG | u_i2c_lcd_driver/lcd_init_only_r_i_1_n_0             | reset_IBUF       |                4 |             10 |         2.50 |
|  clk_IBUF_BUFG | u_i2c_lcd_driver/i2c_bitcnt[3]_i_1_n_0               | reset_IBUF       |                3 |             12 |         4.00 |
|  clk_IBUF_BUFG | u_i2c_lcd_driver/delay_ctr[31]_i_1_n_0               | reset_IBUF       |                6 |             32 |         5.33 |
|  clk_IBUF_BUFG |                                                      | reset_IBUF       |               35 |             87 |         2.49 |
+----------------+------------------------------------------------------+------------------+------------------+----------------+--------------+


